******************************************************************************
                  MSP430 Linker PC v4.3.4                      
******************************************************************************
>> Linked Sun Oct 05 22:24:24 2014

OUTPUT FILE NAME:   <AsmText.out>
ENTRY POINT SYMBOL: 0


MEMORY CONFIGURATION

         name            origin    length      used     unused   attr    fill
----------------------  --------  ---------  --------  --------  ----  --------
  SFR                   00000000   00000010  00000000  00000010  RWIX
  PERIPHERALS_8BIT      00000010   000000f0  00000000  000000f0  RWIX
  PERIPHERALS_16BIT     00000100   00000100  00000000  00000100  RWIX
  RAM                   00000200   00000080  0000000c  00000074  RWIX
  INFOD                 00001000   00000040  00000000  00000040  RWIX
  INFOC                 00001040   00000040  00000000  00000040  RWIX
  INFOB                 00001080   00000040  00000000  00000040  RWIX
  INFOA                 000010c0   00000040  00000000  00000040  RWIX
  FLASH                 0000fe00   000001e0  0000017e  00000062  RWIX
  INT00                 0000ffe0   00000002  00000000  00000002  RWIX
  INT01                 0000ffe2   00000002  00000000  00000002  RWIX
  INT02                 0000ffe4   00000002  00000002  00000000  RWIX
  INT03                 0000ffe6   00000002  00000002  00000000  RWIX
  INT04                 0000ffe8   00000002  00000000  00000002  RWIX
  INT05                 0000ffea   00000002  00000000  00000002  RWIX
  INT06                 0000ffec   00000002  00000000  00000002  RWIX
  INT07                 0000ffee   00000002  00000000  00000002  RWIX
  INT08                 0000fff0   00000002  00000002  00000000  RWIX
  INT09                 0000fff2   00000002  00000002  00000000  RWIX
  INT10                 0000fff4   00000002  00000002  00000000  RWIX
  INT11                 0000fff6   00000002  00000000  00000002  RWIX
  INT12                 0000fff8   00000002  00000000  00000002  RWIX
  INT13                 0000fffa   00000002  00000000  00000002  RWIX
  INT14                 0000fffc   00000002  00000002  00000000  RWIX
  RESET                 0000fffe   00000002  00000000  00000002  RWIX


SECTION ALLOCATION MAP

 output                                  attributes/
section   page    origin      length       input sections
--------  ----  ----------  ----------   ----------------
.cinit     0    0000fe00    00000000     UNINITIALIZED

.init_array 
*          0    0000fe00    00000000     UNINITIALIZED

.bss       0    00000200    0000000c     UNINITIALIZED
                  00000200    00000002     (.common:motor_PWM)
                  00000202    00000002     (.common:motor_mode)
                  00000204    00000002     (.common:motor_timer$2)
                  00000206    00000002     (.common:step$1)
                  00000208    00000001     (.common:button_lockout_countdown)
                  00000209    00000001     (.common:motor_state)
                  0000020a    00000001     (.common:motor_thump_off_time)
                  0000020b    00000001     (.common:motor_thump_on_time)

.text      0    0000fe00    0000017e     
                  0000fe00    000000d6     Ccode.obj (.text:TIMERA0_ISR_HOOK)
                  0000fed6    000000a2     Ccode.obj (.text:Port_1)
                  0000ff78    00000006     rts430_eabi.lib : isr_trap.obj (.text:__TI_ISR_TRAP)

PORT1      0    0000ffe4    00000002     
                  0000ffe4    00000002     Ccode.obj (.int02)

PORT2      0    0000ffe6    00000002     
                  0000ffe6    00000002     rts430_eabi.lib : int03.obj (.int03)

TIMERA1    0    0000fff0    00000002     
                  0000fff0    00000002     rts430_eabi.lib : int08.obj (.int08)

TIMERA0    0    0000fff2    00000002     
                  0000fff2    00000002     Ccode.obj (.int09)

WDT        0    0000fff4    00000002     
                  0000fff4    00000002     rts430_eabi.lib : int10.obj (.int10)

NMI        0    0000fffc    00000002     
                  0000fffc    00000002     rts430_eabi.lib : int14.obj (.int14)


GLOBAL SYMBOLS: SORTED ALPHABETICALLY BY Name 

address    name
--------   ----
00000057   BCSCTL1
00000058   BCSCTL2
00000053   BCSCTL3
000010ff   CALBC1_1MHZ
000010fe   CALDCO_1MHZ
00000056   DCOCTL
00000128   FCTL1
0000012a   FCTL2
0000012c   FCTL3
00000000   IE1
00000002   IFG1
00000022   P1DIR
00000025   P1IE
00000024   P1IES
00000023   P1IFG
00000020   P1IN
00000021   P1OUT
00000027   P1REN
00000026   P1SEL
0000002a   P2DIR
0000002d   P2IE
0000002c   P2IES
0000002b   P2IFG
00000028   P2IN
00000029   P2OUT
0000002f   P2REN
0000002e   P2SEL
0000fed6   Port_1
00000172   TACCR0
00000174   TACCR1
00000162   TACCTL0
00000164   TACCTL1
00000160   TACTL
0000012e   TAIV
00000170   TAR
0000fe00   TIMERA0_ISR_HOOK
00000120   WDTCTL
0000ff78   __TI_ISR_TRAP
0000ffe4   __TI_int02
0000ffe6   __TI_int03
0000fff0   __TI_int08
0000fff2   __TI_int09
0000fff4   __TI_int10
0000fffc   __TI_int14
ffffffff   __binit__
ffffffff   __c_args__
ffffffff   binit
00000208   button_lockout_countdown
00000200   motor_PWM
00000202   motor_mode
00000209   motor_state
0000020a   motor_thump_off_time
0000020b   motor_thump_on_time


GLOBAL SYMBOLS: SORTED BY Symbol Address 

address    name
--------   ----
00000000   IE1
00000002   IFG1
00000020   P1IN
00000021   P1OUT
00000022   P1DIR
00000023   P1IFG
00000024   P1IES
00000025   P1IE
00000026   P1SEL
00000027   P1REN
00000028   P2IN
00000029   P2OUT
0000002a   P2DIR
0000002b   P2IFG
0000002c   P2IES
0000002d   P2IE
0000002e   P2SEL
0000002f   P2REN
00000053   BCSCTL3
00000056   DCOCTL
00000057   BCSCTL1
00000058   BCSCTL2
00000120   WDTCTL
00000128   FCTL1
0000012a   FCTL2
0000012c   FCTL3
0000012e   TAIV
00000160   TACTL
00000162   TACCTL0
00000164   TACCTL1
00000170   TAR
00000172   TACCR0
00000174   TACCR1
00000200   motor_PWM
00000202   motor_mode
00000208   button_lockout_countdown
00000209   motor_state
0000020a   motor_thump_off_time
0000020b   motor_thump_on_time
000010fe   CALDCO_1MHZ
000010ff   CALBC1_1MHZ
0000fe00   TIMERA0_ISR_HOOK
0000fed6   Port_1
0000ff78   __TI_ISR_TRAP
0000ffe4   __TI_int02
0000ffe6   __TI_int03
0000fff0   __TI_int08
0000fff2   __TI_int09
0000fff4   __TI_int10
0000fffc   __TI_int14
ffffffff   __binit__
ffffffff   __c_args__
ffffffff   binit

[53 symbols]
