******************************************************************************
                  MSP430 Linker PC v4.3.4                      
******************************************************************************
>> Linked Wed Oct 15 13:55:25 2014

OUTPUT FILE NAME:   <AsmText.out>
ENTRY POINT SYMBOL: "_main"  address: 0000ffa8


MEMORY CONFIGURATION

         name            origin    length      used     unused   attr    fill
----------------------  --------  ---------  --------  --------  ----  --------
  SFR                   00000000   00000010  00000000  00000010  RWIX
  PERIPHERALS_8BIT      00000010   000000f0  00000000  000000f0  RWIX
  PERIPHERALS_16BIT     00000100   00000100  00000000  00000100  RWIX
  RAM                   00000200   00000080  0000000e  00000072  RWIX
  INFOD                 00001000   00000040  00000000  00000040  RWIX
  INFOC                 00001040   00000040  00000000  00000040  RWIX
  INFOB                 00001080   00000040  00000000  00000040  RWIX
  INFOA                 000010c0   00000040  00000000  00000040  RWIX
  FLASH                 0000fe00   000001e0  000001ba  00000026  RWIX
  INT00                 0000ffe0   00000002  00000000  00000002  RWIX
  INT01                 0000ffe2   00000002  00000000  00000002  RWIX
  INT02                 0000ffe4   00000002  00000002  00000000  RWIX
  INT03                 0000ffe6   00000002  00000002  00000000  RWIX
  INT04                 0000ffe8   00000002  00000000  00000002  RWIX
  INT05                 0000ffea   00000002  00000000  00000002  RWIX
  INT06                 0000ffec   00000002  00000000  00000002  RWIX
  INT07                 0000ffee   00000002  00000000  00000002  RWIX
  INT08                 0000fff0   00000002  00000002  00000000  RWIX
  INT09                 0000fff2   00000002  00000002  00000000  RWIX
  INT10                 0000fff4   00000002  00000002  00000000  RWIX
  INT11                 0000fff6   00000002  00000000  00000002  RWIX
  INT12                 0000fff8   00000002  00000000  00000002  RWIX
  INT13                 0000fffa   00000002  00000000  00000002  RWIX
  INT14                 0000fffc   00000002  00000002  00000000  RWIX
  RESET                 0000fffe   00000002  00000002  00000000  RWIX


SECTION ALLOCATION MAP

 output                                  attributes/
section   page    origin      length       input sections
--------  ----  ----------  ----------   ----------------
.cinit     0    0000fe00    00000000     UNINITIALIZED

.init_array 
*          0    0000fe00    00000000     UNINITIALIZED

.bss       0    00000200    0000000e     UNINITIALIZED
                  00000200    00000002     (.common:button_lockout_countdown)
                  00000202    00000002     (.common:button_longpress_countdown)
                  00000204    00000002     (.common:low_batt_detected_flag)
                  00000206    00000002     (.common:motor_speed_index)
                  00000208    00000002     (.common:powerup_flag)
                  0000020a    00000002     (.common:pulse_dir$3$0)
                  0000020c    00000001     (.common:pulse$1$0)
                  0000020d    00000001     (.common:step$2$0)

.stack     0    00000280    00000000     

.text      0    0000fe00    000001b2     
                  0000fe00    00000106     Ccode.obj (.text:TIMERA0_ISR_HOOK)
                  0000ff06    00000054     Ccode.obj (.text:cstart)
                  0000ff5a    0000004a     Ccode.obj (.text:Port_1)
                  0000ffa4    00000008     main.obj (.text)
                  0000ffac    00000006     rts430_eabi.lib : isr_trap.obj (.text:__TI_ISR_TRAP)

.const     0    0000ffb2    00000008     
                  0000ffb2    00000008     Ccode.obj (.const:motor_speeds$0)

PORT1      0    0000ffe4    00000002     
                  0000ffe4    00000002     <whole-program> (.int02)

PORT2      0    0000ffe6    00000002     
                  0000ffe6    00000002     rts430_eabi.lib : int03.obj (.int03)

TIMERA1    0    0000fff0    00000002     
                  0000fff0    00000002     rts430_eabi.lib : int08.obj (.int08)

TIMERA0    0    0000fff2    00000002     
                  0000fff2    00000002     <whole-program> (.int09)

WDT        0    0000fff4    00000002     
                  0000fff4    00000002     rts430_eabi.lib : int10.obj (.int10)

NMI        0    0000fffc    00000002     
                  0000fffc    00000002     rts430_eabi.lib : int14.obj (.int14)

.reset     0    0000fffe    00000002     
                  0000fffe    00000002     main.obj (.reset)


GLOBAL SYMBOLS: SORTED ALPHABETICALLY BY Name 

address    name
--------   ----
00000057   BCSCTL1
00000058   BCSCTL2
00000053   BCSCTL3
000010ff   CALBC1_1MHZ
000010fe   CALDCO_1MHZ
00000056   DCOCTL
00000128   FCTL1
0000012a   FCTL2
0000012c   FCTL3
00000000   IE1
00000002   IFG1
00000022   P1DIR
00000025   P1IE
00000024   P1IES
00000023   P1IFG
00000020   P1IN
00000021   P1OUT
00000027   P1REN
00000026   P1SEL
0000002a   P2DIR
0000002d   P2IE
0000002c   P2IES
0000002b   P2IFG
00000028   P2IN
00000029   P2OUT
0000002f   P2REN
0000002e   P2SEL
0000ff5a   Port_1
00000172   TACCR0
00000174   TACCR1
00000162   TACCTL0
00000164   TACCTL1
00000160   TACTL
0000012e   TAIV
00000170   TAR
0000fe00   TIMERA0_ISR_HOOK
00000120   WDTCTL
00000280   __STACK_END
00000000   __STACK_SIZE
0000ffac   __TI_ISR_TRAP
0000ffe4   __TI_int02
0000ffe6   __TI_int03
0000fff0   __TI_int08
0000fff2   __TI_int09
0000fff4   __TI_int10
0000fffc   __TI_int14
ffffffff   __binit__
ffffffff   __c_args__
0000ffa8   _main
ffffffff   binit
00000200   button_lockout_countdown
00000202   button_longpress_countdown
0000ff06   cstart
00000204   low_batt_detected_flag
00000206   motor_speed_index
00000208   powerup_flag


GLOBAL SYMBOLS: SORTED BY Symbol Address 

address    name
--------   ----
00000000   IE1
00000000   __STACK_SIZE
00000002   IFG1
00000020   P1IN
00000021   P1OUT
00000022   P1DIR
00000023   P1IFG
00000024   P1IES
00000025   P1IE
00000026   P1SEL
00000027   P1REN
00000028   P2IN
00000029   P2OUT
0000002a   P2DIR
0000002b   P2IFG
0000002c   P2IES
0000002d   P2IE
0000002e   P2SEL
0000002f   P2REN
00000053   BCSCTL3
00000056   DCOCTL
00000057   BCSCTL1
00000058   BCSCTL2
00000120   WDTCTL
00000128   FCTL1
0000012a   FCTL2
0000012c   FCTL3
0000012e   TAIV
00000160   TACTL
00000162   TACCTL0
00000164   TACCTL1
00000170   TAR
00000172   TACCR0
00000174   TACCR1
00000200   button_lockout_countdown
00000202   button_longpress_countdown
00000204   low_batt_detected_flag
00000206   motor_speed_index
00000208   powerup_flag
00000280   __STACK_END
000010fe   CALDCO_1MHZ
000010ff   CALBC1_1MHZ
0000fe00   TIMERA0_ISR_HOOK
0000ff06   cstart
0000ff5a   Port_1
0000ffa8   _main
0000ffac   __TI_ISR_TRAP
0000ffe4   __TI_int02
0000ffe6   __TI_int03
0000fff0   __TI_int08
0000fff2   __TI_int09
0000fff4   __TI_int10
0000fffc   __TI_int14
ffffffff   __binit__
ffffffff   __c_args__
ffffffff   binit

[56 symbols]
