******************************************************************************
                  MSP430 Linker PC v4.3.4                      
******************************************************************************
>> Linked Mon Oct 06 11:45:13 2014

OUTPUT FILE NAME:   <AsmText.out>
ENTRY POINT SYMBOL: "_main"  address: 0000ffd0


MEMORY CONFIGURATION

         name            origin    length      used     unused   attr    fill
----------------------  --------  ---------  --------  --------  ----  --------
  SFR                   00000000   00000010  00000000  00000010  RWIX
  PERIPHERALS_8BIT      00000010   000000f0  00000000  000000f0  RWIX
  PERIPHERALS_16BIT     00000100   00000100  00000000  00000100  RWIX
  RAM                   00000200   00000080  0000000a  00000076  RWIX
  INFOD                 00001000   00000040  00000000  00000040  RWIX
  INFOC                 00001040   00000040  00000000  00000040  RWIX
  INFOB                 00001080   00000040  00000000  00000040  RWIX
  INFOA                 000010c0   00000040  00000000  00000040  RWIX
  FLASH                 0000fe00   000001e0  000001da  00000006  RWIX
  INT00                 0000ffe0   00000002  00000000  00000002  RWIX
  INT01                 0000ffe2   00000002  00000000  00000002  RWIX
  INT02                 0000ffe4   00000002  00000002  00000000  RWIX
  INT03                 0000ffe6   00000002  00000002  00000000  RWIX
  INT04                 0000ffe8   00000002  00000000  00000002  RWIX
  INT05                 0000ffea   00000002  00000000  00000002  RWIX
  INT06                 0000ffec   00000002  00000000  00000002  RWIX
  INT07                 0000ffee   00000002  00000000  00000002  RWIX
  INT08                 0000fff0   00000002  00000002  00000000  RWIX
  INT09                 0000fff2   00000002  00000002  00000000  RWIX
  INT10                 0000fff4   00000002  00000002  00000000  RWIX
  INT11                 0000fff6   00000002  00000000  00000002  RWIX
  INT12                 0000fff8   00000002  00000000  00000002  RWIX
  INT13                 0000fffa   00000002  00000000  00000002  RWIX
  INT14                 0000fffc   00000002  00000002  00000000  RWIX
  RESET                 0000fffe   00000002  00000002  00000000  RWIX


SECTION ALLOCATION MAP

 output                                  attributes/
section   page    origin      length       input sections
--------  ----  ----------  ----------   ----------------
.cinit     0    0000fe00    00000000     UNINITIALIZED

.init_array 
*          0    0000fe00    00000000     UNINITIALIZED

.bss       0    00000200    0000000a     UNINITIALIZED
                  00000200    00000002     (.common:motor_mode)
                  00000202    00000002     (.common:motor_timer$2$0)
                  00000204    00000001     (.common:button_lockout_countdown)
                  00000205    00000001     (.common:motor_PWM)
                  00000206    00000001     (.common:motor_state)
                  00000207    00000001     (.common:motor_thump_off_time)
                  00000208    00000001     (.common:motor_thump_on_time)
                  00000209    00000001     (.common:step$1$0)

.stack     0    00000280    00000000     

.text      0    0000fe00    000001da     
                  0000fe00    000000c4     Ccode.obj (.text:TIMERA0_ISR_HOOK)
                  0000fec4    00000088     Ccode.obj (.text:Port_1)
                  0000ff4c    0000004e     Ccode.obj (.text:josh)
                  0000ff9a    0000002c     rts430_eabi.lib : lsl16.obj (.text)
                  0000ffc6    0000000e     main.obj (.text)
                  0000ffd4    00000006     rts430_eabi.lib : isr_trap.obj (.text:__TI_ISR_TRAP)

PORT1      0    0000ffe4    00000002     
                  0000ffe4    00000002     <whole-program> (.int02)

PORT2      0    0000ffe6    00000002     
                  0000ffe6    00000002     rts430_eabi.lib : int03.obj (.int03)

TIMERA1    0    0000fff0    00000002     
                  0000fff0    00000002     rts430_eabi.lib : int08.obj (.int08)

TIMERA0    0    0000fff2    00000002     
                  0000fff2    00000002     <whole-program> (.int09)

WDT        0    0000fff4    00000002     
                  0000fff4    00000002     rts430_eabi.lib : int10.obj (.int10)

NMI        0    0000fffc    00000002     
                  0000fffc    00000002     rts430_eabi.lib : int14.obj (.int14)

.reset     0    0000fffe    00000002     
                  0000fffe    00000002     main.obj (.reset)


GLOBAL SYMBOLS: SORTED ALPHABETICALLY BY Name 

address    name
--------   ----
00000057   BCSCTL1
00000058   BCSCTL2
00000053   BCSCTL3
000010ff   CALBC1_1MHZ
000010fe   CALDCO_1MHZ
00000056   DCOCTL
00000128   FCTL1
0000012a   FCTL2
0000012c   FCTL3
00000000   IE1
00000002   IFG1
00000022   P1DIR
00000025   P1IE
00000024   P1IES
00000023   P1IFG
00000020   P1IN
00000021   P1OUT
00000027   P1REN
00000026   P1SEL
0000002a   P2DIR
0000002d   P2IE
0000002c   P2IES
0000002b   P2IFG
00000028   P2IN
00000029   P2OUT
0000002f   P2REN
0000002e   P2SEL
0000fec4   Port_1
00000172   TACCR0
00000174   TACCR1
00000162   TACCTL0
00000164   TACCTL1
00000160   TACTL
0000012e   TAIV
00000170   TAR
0000fe00   TIMERA0_ISR_HOOK
00000120   WDTCTL
00000280   __STACK_END
00000000   __STACK_SIZE
0000ffd4   __TI_ISR_TRAP
0000ffe4   __TI_int02
0000ffe6   __TI_int03
0000fff0   __TI_int08
0000fff2   __TI_int09
0000fff4   __TI_int10
0000fffc   __TI_int14
ffffffff   __binit__
ffffffff   __c_args__
0000ff9a   __mspabi_slli
0000ffc2   __mspabi_slli_1
0000ffb0   __mspabi_slli_10
0000ffae   __mspabi_slli_11
0000ffac   __mspabi_slli_12
0000ffaa   __mspabi_slli_13
0000ffa8   __mspabi_slli_14
0000ffa6   __mspabi_slli_15
0000ffc0   __mspabi_slli_2
0000ffbe   __mspabi_slli_3
0000ffbc   __mspabi_slli_4
0000ffba   __mspabi_slli_5
0000ffb8   __mspabi_slli_6
0000ffb6   __mspabi_slli_7
0000ffb4   __mspabi_slli_8
0000ffb2   __mspabi_slli_9
0000ffd0   _main
ffffffff   binit
00000204   button_lockout_countdown
0000ff4c   josh
00000205   motor_PWM
00000200   motor_mode
00000206   motor_state
00000207   motor_thump_off_time
00000208   motor_thump_on_time


GLOBAL SYMBOLS: SORTED BY Symbol Address 

address    name
--------   ----
00000000   IE1
00000000   __STACK_SIZE
00000002   IFG1
00000020   P1IN
00000021   P1OUT
00000022   P1DIR
00000023   P1IFG
00000024   P1IES
00000025   P1IE
00000026   P1SEL
00000027   P1REN
00000028   P2IN
00000029   P2OUT
0000002a   P2DIR
0000002b   P2IFG
0000002c   P2IES
0000002d   P2IE
0000002e   P2SEL
0000002f   P2REN
00000053   BCSCTL3
00000056   DCOCTL
00000057   BCSCTL1
00000058   BCSCTL2
00000120   WDTCTL
00000128   FCTL1
0000012a   FCTL2
0000012c   FCTL3
0000012e   TAIV
00000160   TACTL
00000162   TACCTL0
00000164   TACCTL1
00000170   TAR
00000172   TACCR0
00000174   TACCR1
00000200   motor_mode
00000204   button_lockout_countdown
00000205   motor_PWM
00000206   motor_state
00000207   motor_thump_off_time
00000208   motor_thump_on_time
00000280   __STACK_END
000010fe   CALDCO_1MHZ
000010ff   CALBC1_1MHZ
0000fe00   TIMERA0_ISR_HOOK
0000fec4   Port_1
0000ff4c   josh
0000ff9a   __mspabi_slli
0000ffa6   __mspabi_slli_15
0000ffa8   __mspabi_slli_14
0000ffaa   __mspabi_slli_13
0000ffac   __mspabi_slli_12
0000ffae   __mspabi_slli_11
0000ffb0   __mspabi_slli_10
0000ffb2   __mspabi_slli_9
0000ffb4   __mspabi_slli_8
0000ffb6   __mspabi_slli_7
0000ffb8   __mspabi_slli_6
0000ffba   __mspabi_slli_5
0000ffbc   __mspabi_slli_4
0000ffbe   __mspabi_slli_3
0000ffc0   __mspabi_slli_2
0000ffc2   __mspabi_slli_1
0000ffd0   _main
0000ffd4   __TI_ISR_TRAP
0000ffe4   __TI_int02
0000ffe6   __TI_int03
0000fff0   __TI_int08
0000fff2   __TI_int09
0000fff4   __TI_int10
0000fffc   __TI_int14
ffffffff   __binit__
ffffffff   __c_args__
ffffffff   binit

[73 symbols]
